<testsuites id="" name="" tests="1" failures="1" skipped="0" errors="0" time="0.8863239999999997">
<testsuite name=".templates\servicios.spec.ts" timestamp="2024-02-23T15:45:06.042Z" hostname="Google Chrome" tests="1" failures="1" skipped="0" time="0.216" errors="0">
<testcase name="compraProducto1" classname=".templates\servicios.spec.ts" time="0.216">
<failure message="servicios.spec.ts:32:5 compraProducto1" type="FAILURE">
<![CDATA[  [Google Chrome] › .templates\servicios.spec.ts:32:5 › compraProducto1 ────────

    TypeError: Cannot read properties of undefined (reading 'baseURL')

       at ..\enviroments\Enviroments.ts:31

      29 |
      30 |     public get baseURL(): string {
    > 31 |         return this.env.baseURL;
         |                         ^
      32 |     }
      33 |
      34 |     public get portalURL(): string {

        at Enviroment.baseURL (C:\Users\angie\Documents\pruebaTecnicaSQA\enviroments\Enviroments.ts:31:25)
        at LoginPage.urlSanagel (C:\Users\angie\Documents\pruebaTecnicaSQA\pageObject\LoginPage.ts:49:44)
        at C:\Users\angie\Documents\pruebaTecnicaSQA\e2e\.templates\servicios.spec.ts:34:19

    attachment #1: trace (application/zip) ─────────────────────────────────────
    test-results\.templates-servicios-compraProducto1-Google-Chrome\trace.zip
    Usage:

        npx playwright show-trace test-results\.templates-servicios-compraProducto1-Google-Chrome\trace.zip

    ────────────────────────────────────────────────────────────────────────────
]]>
</failure>
<system-out>
<![CDATA[
[[ATTACHMENT|..\test-results\.templates-servicios-compraProducto1-Google-Chrome\trace.zip]]
]]>
</system-out>
</testcase>
</testsuite>
</testsuites>